error[E0463]: can't find crate for `std`
   |
   = note: the `thumbv6m-none-eabi` target may not be installed
   = help: consider downloading the target with `rustup target add thumbv6m-none-eabi`
   = help: consider building the standard library from source with `cargo build -Zbuild-std`

error[E0432]: unresolved import `std`

error: requires `sized` lang_item

error: aborting due to 3 previous errors

Some errors have detailed explanations: E0432, E0463.
For more information about an error, try `rustc --explain E0432`.
