error[E0463]: can't find crate for `core`
   |
   = note: the `thumbv7em-none-eabihf` target may not be installed
   = help: consider downloading the target with `rustup target add thumbv7em-none-eabihf`
   = help: consider building the standard library from source with `cargo build -Zbuild-std`

error[E0463]: can't find crate for `compiler_builtins`

error[E0463]: can't find crate for `cortex_m`
  --> $DIR/compiler-builtins-error.rs:10:1
   |
LL | extern crate cortex_m;
   | ^^^^^^^^^^^^^^^^^^^^^^ can't find crate

error[E0432]: unresolved import `core`

error: requires `sized` lang_item

error: aborting due to 5 previous errors

Some errors have detailed explanations: E0432, E0463.
For more information about an error, try `rustc --explain E0432`.
